C:\Program Files\nodejs\node.exe .\index.js
🔍 DEBUG: Client setup completed
🔍 DEBUG: About to create content object
🔍 DEBUG: Content object created {objectId: 'iq__Esqcikuxs5ZmkBnCS3xDS4D6ADR', writeToken: 'tqw__HSQatVecTToi3pcBfXYEd2cGyvu1pb3JpdAEB1…CMXrzMis1VzwebH9AVd89SBnZYQ44z8fN1aZGuWjh3'}
arg1: {objectId: 'iq__Esqcikuxs5ZmkBnCS3xDS4D6ADR', writeToken: 'tqw__HSQatVecTToi3pcBfXYEd2cGyvu1pb3JpdAEB1…CMXrzMis1VzwebH9AVd89SBnZYQ44z8fN1aZGuWjh3'}
Send to front end writeToken tqw__HSQatVecTToi3pcBfXYEd2cGyvu1pb3JpdAEB1esNCMXrzMis1VzwebH9AVd89SBnZYQ44z8fN1aZGuWjh3 authToken eyJxc3BhY2VfaWQiOiJpc3BjM0FOb1ZTek5BM1A2dDdhYkxSNjlobzVZUFBaVSIsImFkZHIiOiIweDY1NzUwYTg5MTVjZDU1ZGY2NjE4YTEzN2RiMjhlOWU1NjY5MTQyYzUiLCJ0eF9pZCI6IjB4ZmM3ZGE3NTcxNmE2OTczMDU4YjdiNjRlNzY4ZjIzY2E0OWJiZWJlYjhkMDc4YTJjOGViYzI3YmM3YjdiZjU2MyIsInFsaWJfaWQiOiJpbGliMjh1Z2ttTnJ6V0FGVHJmTkVoRGl4bnduWkg3diJ9.RVMyNTZLXzRRcUhGU1htbm5iNFd3blB3dmd0VHJMZnpyTTd1Y29xZHVqWU1aZFBFOVV4alJEVVV6Mk1Ta2J2U0piTFBFNm1ReGRiNFZNckNTYnRWbUZvbWVVM3BzZHlW node https://host-154-14-240-138.contentfabric.io/
🔍 DEBUG: Tokens generated successfully
🔍 DEBUG: Frontend client setup completed
🔍 DEBUG: File info prepared {fileInfo: Array(1)}
{nalikesUpload1.mp4: {…}}
{nalikesUpload1.mp4: {…}}
Master Response {errors: Array(0), logs: Array(0), warnings: Array(0), id: 'iq__2jyYi3gAqkHA9Gh1KVuEdKVxwc2g', hash: 'hq__GqLytsRGXkicW3hTAV6vSuCwK1oKT55fWHsc3sHP6ERpgx6nLKWXAbbSzjRZxH7qSY6hCSBL5S', …}
arg1: {errors: Array(0), logs: Array(0), warnings: Array(0), id: 'iq__2jyYi3gAqkHA9Gh1KVuEdKVxwc2g', hash: 'hq__GqLytsRGXkicW3hTAV6vSuCwK1oKT55fWHsc3sHP6ERpgx6nLKWXAbbSzjRZxH7qSY6hCSBL5S', …}
errors: (0) []
hash: 'hq__GqLytsRGXkicW3hTAV6vSuCwK1oKT55fWHsc3sHP6ERpgx6nLKWXAbbSzjRZxH7qSY6hCSBL5S'
id: 'iq__2jyYi3gAqkHA9Gh1KVuEdKVxwc2g'
logs: (0) []
qlib_id: 'ilib28ugkmNrzWAFTrfNEhDixnwnZH7v'
type: 'hq__D9YAoYZpTEViTxQ425WWGDUgpL3diqyK51yjGt3cSEiLk9sdFsge516gWLo6mpAy4WKFGwLmse'
warnings: (0) []
write_token: 'tqw__HSUutt7WRUU5XHnS6AWZ8tEmoFiRAbNWP4eHEswM8zADBroxA2B5Qyc7U9SJNiknvMMufNbAwWBbDN1izvJ'
[[Prototype]]: Object
🔍 DEBUG: Production master created
ERROR {name: 'ElvHttpClientError', status: 400, statusText: 'Bad Request', message: 'Bad Request', url: 'https://host-154-14-240-138.contentfabric.io/q…?response_log_level=warn&struct_log_level=none', …}
arg1: {name: 'ElvHttpClientError', status: 400, statusText: 'Bad Request', message: 'Bad Request', url: 'https://host-154-14-240-138.contentfabric.io/q…?response_log_level=warn&struct_log_level=none', …}
body: {errors: Array(1), logs: Array(1)}
message: 'Bad Request'
name: 'ElvHttpClientError'
requestParams: {method: 'POST', headers: {…}, body: '{"offering_key":"default","keep_other_streams"…ideo":{"segs_per_chunk":15,"target_dur":2}}}}'}
body: '{"offering_key":"default","keep_other_streams":false,"prod_master_hash":"hq__GqLytsRGXkicW3hTAV6vSuCwK1oKT55fWHsc3sHP6ERpgx6nLKWXAbbSzjRZxH7qSY6hCSBL5S","variant_key":"default","abr_profile":{"audio_individual_drm_keys":false,"drm_optional":false,"store_clear":false,"ladder_specs":{"{\\"media_type\\":\\"audio\\",\\"channels\\":1}":{"rung_specs":[{"bit_rate":128000,"media_type":"audio","pregenerate":true}]},"{\\"media_type\\":\\"audio\\",\\"channels\\":2}":{"rung_specs":[{"bit_rate":192000,"media_type":"aud…"playout_formats":{"dash-widevine":{"drm":{"content_id":"","enc_scheme_name":"cenc","license_servers":[],"type":"DrmWidevine"},"protocol":{"min_buffer_length":2,"type":"ProtoDash"}},"hls-sample-aes":{"drm":{"enc_scheme_name":"cbcs","type":"DrmSampleAes"},"protocol":{"type":"ProtoHls"}},"hls-aes128":{"drm":{"enc_scheme_name":"aes-128","type":"DrmAes128"},"protocol":{"type":"ProtoHls"}}},"segment_specs":{"audio":{"segs_per_chunk":15,"target_dur":2},"video":{"segs_per_chunk":15,"target_dur":2}}}}'
headers: {Authorization: 'Bearer eyJxc3BhY2VfaWQiOiJpc3BjM0FOb1ZTek…KYlZCYlcyQ21Wc1FOdDg0QktQQVhXcW5yVmFpTTk=', Accept: 'application/json', Content-type: 'application/json'}
method: 'POST'
[[Prototype]]: Object
status: 400
statusText: 'Bad Request'
url: 'https://host-154-14-240-138.contentfabric.io/qlibs/ilib28ugkmNrzWAFTrfNEhDixnwnZH7v/q/tqw__HSQatVecTToi3pcBfXYEd2cGyvu1pb3JpdAEB1esNCMXrzMis1VzwebH9AVd8a6SbsLbEpCj2fxF3GfgwEq/call/media/abr_mezzanine/init?response_log_level=warn&struct_log_level=none'
[[Prototype]]: Object
🔍 DEBUG: Error occurred during processing
